// Jest Snapshot v1, https://goo.gl/fbAQLP

exports[`toBeErrorWithCode fails if error with different code is provided 1`] = `
"[2mexpect([22m[31mreceived[39m[2m).toBeErrorWithCode([22m[32mexpected[39m[2m)[22m

Expected error with code: C_2
Received: [31m[Error: Some default message][39m with code: C_1"
`;
